// Jest Snapshot v1, https://goo.gl/fbAQLP

exports[`SWRのmiddlewareを利用したパターン 1`] = `
<div>
  Loading...
</div>
`;

exports[`snapshot test  1`] = `
<div>
  Loading...
</div>
`;
